C:\SW\P006MA.B2P\SWSETUP\APP\Applications\HP\EnergySta_66MAB2\1.10\P006MAB2.bto
C:\SW\P006MA.B2P\SWSETUP\APP\Applications\HP\EnergySta_66MAB2\1.10\install.cmd
C:\SW\P006MA.B2P\SWSETUP\APP\Applications\HP\EnergySta_66MAB2\1.10\src\PreSetup.cmd
C:\SW\P009C2.B2T\SWSETUP\APP\Applications\HP\HPWireles_99C2B2\1.1.18.1\P009C2B2.bto
C:\SW\P009C2.B2T\SWSETUP\APP\Applications\HP\HPWireles_99C2B2\1.1.18.1\install.cmd
C:\SW\P00EDU.B2M\SWSETUP\APP\Applications\HP\BingSearc_EEDUB2\163\P00EDUB2.bto
C:\SW\P00EDU.B2M\SWSETUP\APP\Applications\HP\BingSearc_EEDUB2\163\install.cmd
C:\SW\P00EDU.B2M\SWSETUP\APP\Applications\HP\BingSearc_EEDUB2\163\src\install.cmd
C:\SW\P00F6B.B2D\SWSETUP\APP\Applications\HP\TFSOCAMar_FF6BB2\1.00\P00F6BB2.bto
C:\SW\P00F6B.B2D\SWSETUP\APP\Applications\HP\TFSOCAMar_FF6BB2\1.00\install.cmd
C:\SW\P00F6B.B2D\SWSETUP\APP\Applications\HP\TFSOCAMar_FF6BB2\1.00\src\OCAMark.cmd
C:\SW\P00F6B.B2D\SWSETUP\APP\Applications\HP\TFSOCAMar_FF6BB2\1.00\src\OCAMark4PBR.cmd
C:\SW\P00GXS.B2Z\SWSETUP\APP\PreReq1\HP\HPSupport_GGXSB2\8.3.32.23\P00GXSB2.bto
C:\SW\P00GXS.B2Z\SWSETUP\APP\PreReq1\HP\HPSupport_GGXSB2\8.3.32.23\install.cmd
C:\SW\P00H08.B2U\SWSETUP\APP\Applications\HP\IEHome_HH08B2\163\P00H08B2.bto
C:\SW\P00H08.B2U\SWSETUP\APP\Applications\HP\IEHome_HH08B2\163\install.cmd
C:\SW\P00H08.B2U\SWSETUP\APP\Applications\HP\IEHome_HH08B2\163\src\install.cmd
C:\SW\P00HUY.B2N\SWSETUP\APP\Applications\HP\DiscoverH_HHUYB2\1.0.13.1\P00HUYB2.bto
C:\SW\P00HUY.B2N\SWSETUP\APP\Applications\HP\DiscoverH_HHUYB2\1.0.13.1\install.cmd
C:\SW\P00HUY.B2N\SWSETUP\APP\Applications\HP\DiscoverH_HHUYB2\1.0.13.1\src\Install.cmd
C:\SW\P00HV0.B2P\SWSETUP\APP\Applications\HP\DiscoverH_HHV0B2\1.0.18.1\P00HV0B2.bto
C:\SW\P00HV0.B2P\SWSETUP\APP\Applications\HP\DiscoverH_HHV0B2\1.0.18.1\install.cmd
C:\SW\P00HV0.B2P\SWSETUP\APP\Applications\HP\DiscoverH_HHV0B2\1.0.18.1\src\install.cmd
C:\SW\P00J6J.B2K\System.sav\Util\PINLOG\DevInfo.cmd
C:\SW\P00KFS.B2N\System.sav\Exclude\BiosConfig\BCU1.cmd
C:\SW\P00KFS.B2N\System.sav\Exclude\BiosConfig\BCU2.cmd
C:\SW\P00KH9.B2C\system.sav\tweaks\PreFBIFixups\1_000_TransitFBI.cmd
C:\SW\P00KSB.B2M\SWSetup\powerset\batterycap.CMD
C:\SW\P00KSB.B2M\SWSetup\powerset\Power_Set_1.cmd
C:\SW\P00KSB.B2M\SWSetup\powerset\Power_Set_2.cmd
C:\SW\P00KSB.B2M\SWSetup\powerset\pwrmgm_5.cmd
C:\SW\P00KSB.B2M\SWSetup\powerset\pwrmgm_5_SamsClub.cmd
C:\SW\P00KSB.B2M\SWSetup\powerset\pwrmgm_5_SigImg.cmd
C:\SW\P00KSB.B2M\SWSetup\powerset\pwrmgm_5_WalMart.cmd
C:\SW\P00KSB.B2M\SWSetup\powerset\pwrmgm_7.cmd
C:\SW\P00KSB.B2M\SWSetup\powerset\pwrmgm_7_SamsClub.cmd
C:\SW\P00KSB.B2M\SWSetup\powerset\pwrmgm_7_SigImg.cmd
C:\SW\P00KSB.B2M\SWSetup\powerset\pwrmgm_7_WalMart.cmd
C:\SW\P00KSB.B2M\SWSetup\powerset\pwrmgm_CS.cmd
C:\SW\P00KSB.B2M\SWSetup\powerset\pwrmgm_PrimarySSD.cmd
C:\SW\P00KSB.B2M\SWSetup\powerset\setactive.cmd
C:\SW\P00KSB.B2M\SWSetup\powerset\sys_mem_check.cmd
C:\SW\P00KSB.B2M\System.sav\P2PP\BBV1\BB1_W10SDS.bto
C:\SW\P00KSB.B2M\System.sav\P2PP\BBV2\BB2_W10SDS.bto
C:\SW\P00KSB.B2M\System.sav\P2PP\OSUpdate\OSUpdate_W10SDS.bto
C:\SW\P00KTX.B2Q\SWSETUP\APP\PreReq2\McAfee\McAfeeLiv_KKTXB2\2.0\P00KTXB2.bto
C:\SW\P00KTX.B2Q\SWSETUP\APP\PreReq2\McAfee\McAfeeLiv_KKTXB2\2.0\install.cmd
C:\SW\P00KTX.B2Q\SWSETUP\APP\PreReq2\McAfee\McAfeeLiv_KKTXB2\2.0\src\install.cmd
C:\SW\P00L6E.B2Q\SWSETUP\APP\Applications\HP\HPPCHardw_LL6EB2\6.2.0.0\P00L6EB2.bto
C:\SW\P00L6E.B2Q\SWSETUP\APP\Applications\HP\HPPCHardw_LL6EB2\6.2.0.0\install.cmd
C:\SW\P00LC7.B2C\Appl.zip\FixUps\ChkBrandName.bto
C:\SW\P00LC7.B2C\Appl.zip\FixUps\ChkClnImg.bto
C:\SW\P00LC7.B2C\Appl.zip\FixUps\ChkOSSku.bto
C:\SW\P00LC7.B2C\Appl.zip\FixUps\ChkSysID.bto
C:\SW\P00LC7.B2C\Appl.zip\FixUps\ChkWinCfg.bto
C:\SW\P00LC7.B2C\System.sav\P2PP\FUpdate\ChkBrandName.bto
C:\SW\P00LC7.B2C\System.sav\P2PP\FUpdate\ChkOSSku.bto
C:\SW\P00LC7.B2C\System.sav\P2PP\FUpdate\ChkSysID.bto
C:\SW\P00LC7.B2C\System.sav\P2PP\FUpdate\ChkWinCfg.bto
C:\SW\P00LC7.B2C\System.sav\P2PP\FUpdate\RmvPinDiag.bto
C:\SW\P00LC7.B2C\System.sav\Util\PinDiag\ChkBrandName.cmd
C:\SW\P00LC7.B2C\System.sav\Util\PinDiag\ChkClnImg.cmd
C:\SW\P00LC7.B2C\System.sav\Util\PinDiag\ChkOSSku.cmd
C:\SW\P00LC7.B2C\System.sav\Util\PinDiag\ChkSysID.cmd
C:\SW\P00LC7.B2C\System.sav\Util\PinDiag\ChkWinCfg.cmd
C:\SW\P00LDM.B2G\SWSETUP\APP\PreReq1\McAfee\McAfeeChe_LLDMB2\1.0\P00LDMB2.bto
C:\SW\P00LDM.B2G\SWSETUP\APP\PreReq1\McAfee\McAfeeChe_LLDMB2\1.0\install.cmd
C:\SW\P00LEM.B2P\System.sav\P2PP\2ndCap.pi\BackupDPK.bto
C:\SW\P00LEM.B2P\System.sav\P2PP\BBV2\OA3PKPN.bto
C:\SW\P00LEX.B2D\SWSETUP\APP\Applications\HP\RetailDem_LLEXB2\1.2\P00LEXB2.bto
C:\SW\P00LEX.B2D\SWSETUP\APP\Applications\HP\RetailDem_LLEXB2\1.2\install.cmd
C:\SW\P00LMK.B2S\SWSETUP\APP\PreReq2\HP\HPSetupIn_LLMKB2\1.2.8357.5639\P00LMKB2.bto
C:\SW\P00LMK.B2S\SWSETUP\APP\PreReq2\HP\HPSetupIn_LLMKB2\1.2.8357.5639\install.cmd
C:\SW\P00LMK.B2S\SWSETUP\APP\PreReq2\HP\HPSetupIn_LLMKB2\1.2.8357.5639\src\HPSetupOOBE.cmd
C:\SW\P00LMK.B2S\SWSETUP\APP\PreReq2\HP\HPSetupIn_LLMKB2\1.2.8357.5639\src\install.cmd
C:\SW\P00LUT.B2X\SWSETUP\APP\Applications\HP\HPSureCon_LLUTB2\1.0.0.29\P00LUTB2.bto
C:\SW\P00LUT.B2X\SWSETUP\APP\Applications\HP\HPSureCon_LLUTB2\1.0.0.29\install.cmd
C:\SW\P00MGE.B2X\SWSETUP\APP\Applications\CyberLink\PowerMedi_MMGEB2\14.0.5.6909\P00MGEB2.bto
C:\SW\P00MGE.B2X\SWSETUP\APP\Applications\CyberLink\PowerMedi_MMGEB2\14.0.5.6909\install.cmd
C:\SW\P00MGE.B2X\SWSETUP\APP\Applications\CyberLink\PowerMedi_MMGEB2\14.0.5.6909\src\install.cmd
C:\SW\P00N20.B2L\SWSETUP\APP\Applications\Netflix\NetflixMe_NN20B2\6.11.33.0\P00N20B2.bto
C:\SW\P00N20.B2L\SWSETUP\APP\Applications\Netflix\NetflixMe_NN20B2\6.11.33.0\install.cmd
C:\SW\P00N20.B2L\SWSETUP\APP\Applications\Netflix\NetflixMe_NN20B2\6.11.33.0\src\install.cmd
C:\SW\P00N24.B2J\SWSETUP\APP\Applications\HP\Priceline_NN24B2\163\P00N24B2.bto
C:\SW\P00N24.B2J\SWSETUP\APP\Applications\HP\Priceline_NN24B2\163\install.cmd
C:\SW\P00N24.B2J\SWSETUP\APP\Applications\HP\Priceline_NN24B2\163\src\Install.cmd
C:\SW\P00N3D.B2M\SWSETUP\DRV\Storage\REALTEK\FP1.xReal_NN3DB2\10.0.14393.31228\P00N3DB2.bto
C:\SW\P00N3D.B2M\SWSETUP\DRV\Storage\REALTEK\FP1.xReal_NN3DB2\10.0.14393.31228\install.cmd
C:\SW\P00N3E.B2H\SWSETUP\DRV\Network\REALTEK\FP1.xReal_NN3EB2\10.10.714.2016\P00N3EB2.bto
C:\SW\P00N3E.B2H\SWSETUP\DRV\Network\REALTEK\FP1.xReal_NN3EB2\10.10.714.2016\install.cmd
C:\SW\P00N4K.B2S\SWSETUP\DRV\DriverOther\Elan\FP1.xElan_NN4KB2\15.2.14.1\P00N4KB2.bto
C:\SW\P00N4K.B2S\SWSETUP\DRV\DriverOther\Elan\FP1.xElan_NN4KB2\15.2.14.1\install.cmd
C:\SW\P00N89.B2K\SWSETUP\APP\Applications\HP\HPePrint_NN89B2\5.2.20454\P00N89B2.bto
C:\SW\P00N89.B2K\SWSETUP\APP\Applications\HP\HPePrint_NN89B2\5.2.20454\install.cmd
C:\SW\P00N89.B2K\SWSETUP\APP\Applications\HP\HPePrint_NN89B2\5.2.20454\src\install.cmd
C:\SW\P00NBC.B2J\SWSETUP\APP\Applications\HP\HPSystemE_NNBCB2\1.40\P00NBCB2.bto
C:\SW\P00NBC.B2J\SWSETUP\APP\Applications\HP\HPSystemE_NNBCB2\1.40\install.cmd
C:\SW\P00NC3.B2F\SWSETUP\APP\Documentation\HP\HPDocumen_NNC3B2\1.01\P00NC3B2.bto
C:\SW\P00NC3.B2F\SWSETUP\APP\Documentation\HP\HPDocumen_NNC3B2\1.01\install.cmd
C:\SW\P00NC3.B2F\SWSETUP\APP\Documentation\HP\HPDocumen_NNC3B2\1.01\src\Doc_uninstall.cmd
C:\SW\P00NC3.B2F\SWSETUP\APP\Documentation\HP\HPDocumen_NNC3B2\1.01\src\install.cmd
C:\SW\P00NC3.B2F\SWSETUP\APP\Documentation\HP\HPDocumen_NNC3B2\1.01\src\src\Doc_uninstall.cmd
C:\SW\P00NDP.B2P\Appl.zip\Fixups\NewOA3.bto
C:\SW\P00NDP.B2P\Appl.zip\ImageTweaks\ZZ_COMPACT.bto
C:\SW\P00NDP.B2P\Appl.zip\ImageTweaks\ZZ_WIMBOOT.bto
C:\SW\P00NDP.B2P\Appl.zip\PreOS.pi\00_WIMBOOT.bto
C:\SW\P00NDP.B2P\Appl.zip\VITTDC\apply.cmd
C:\SW\P00NDP.B2P\Appl.zip\VITTDC\CheckSP.cmd
C:\SW\P00NDP.B2P\Appl.zip\VITTDC\GetOSInfo.cmd
C:\SW\P00NDP.B2P\Appl.zip\_COMPACT\Appl.zip\FixUps\_0_COMPACT.bto
C:\SW\P00NDP.B2P\Appl.zip\_COMPACT\Appl.zip\FixUps\COMPACT_P2.cmd
C:\SW\P00NDP.B2P\Appl.zip\_COMPACT\System.sav\Exclude\PINScr\4GMPostFBI.cmd
C:\SW\P00NDP.B2P\Appl.zip\_COMPACT\System.sav\Exclude\PINScr\Cap4GM.cmd
C:\SW\P00NDP.B2P\Appl.zip\_COMPACT\System.sav\Exclude\PINScr\COMPACT.4GM\fixuptwk.cmd
C:\SW\P00NDP.B2P\Appl.zip\_COMPACT\System.sav\Exclude\PINScr\COMPACT.4GM\StartCPT.cmd
C:\SW\P00NDP.B2P\Appl.zip\_COMPACT\System.sav\ExitProc\PASS3\CompactOn.cmd
C:\SW\P00NDP.B2P\Appl.zip\_COMPACT\System.sav\ExitProc\Subs\CompactOn.cmd
C:\SW\P00NDP.B2P\Appl.zip\_COMPACT\System.sav\P2PP\BBV2\CompactOn.bto
C:\SW\P00NDP.B2P\Recovery\OEM\Point_B\DeviceForm4PBR.cmd
C:\SW\P00NDP.B2P\Recovery\OEM\Point_D\Install.pi\PinProc4PBR.cmd
C:\SW\P00NDP.B2P\System.sav\2ndCap\GetDskSize.cmd
C:\SW\P00NDP.B2P\System.sav\bbv\ClnWinSxS.cmd
C:\SW\P00NDP.B2P\System.sav\bbv\defkey.cmd
C:\SW\P00NDP.B2P\System.sav\bbv\PinProc4PBR.cmd
C:\SW\P00NDP.B2P\System.sav\bbv\QryWinSxS.cmd
C:\SW\P00NDP.B2P\System.sav\ExitProc\PASS3\ResetHiber.cmd
C:\SW\P00NDP.B2P\System.sav\ExitProc\Spe\MSSR_ON.cmd
C:\SW\P00NDP.B2P\System.sav\FactoryUpdate\1SngleOS.cmd
C:\SW\P00NDP.B2P\System.sav\FactoryUpdate\DeviceForm.cmd
C:\SW\P00NDP.B2P\System.sav\FactoryUpdate\FixUp\CleanSW.cmd
C:\SW\P00NDP.B2P\System.sav\P2PP\2ndCap.pi\MSSR_ON.bto
C:\SW\P00NDP.B2P\System.sav\P2PP\BBV2\ResetHiber.bto
C:\SW\P00NDP.B2P\System.sav\P2PP\BBVClean\DEF_OA3.bto
C:\SW\P00NDP.B2P\System.sav\P2PP\BBVClean\PinProc4PBR.bto
C:\SW\P00NDP.B2P\System.sav\P2PP\FUpdate\DeviceForm.bto
C:\SW\P00NDP.B2P\System.sav\util\FFS\FFSPrep.cmd
C:\SW\P00NDP.B2P\System.sav\util\postpin\PostOOBEB.cmd
C:\SW\P00NDP.B2P\System.sav\util\postpin\PostOOBEM.cmd
C:\SW\P00NEJ.B2E\Appl.zip\FixUps\MakeSDV.bto
C:\SW\P00NEJ.B2E\System.sav\Util\MakeSDV.cmd
C:\SW\P00NEJ.B2E\System.sav\WSDVTDC\import\Rita-tool\CheckCTO.cmd
C:\SW\P00NEJ.B2E\System.sav\WSDVTDC\import\Rita-tool\GoWin.cmd
C:\SW\P00NEJ.B2E\System.sav\WSDVTDC\import\Rita-tool\Restore.cmd
C:\SW\P00NEJ.B2E\System.sav\WSDVTDC\import\Rita-tool\RunRM2.cmd
C:\SW\P00NEJ.B2E\System.sav\WSDVTDC\import\Rita-tool\SaveLog.cmd
C:\SW\P00NEJ.B2E\System.sav\WSDVTDC\import\Windows\System32\startnet.cmd
C:\SW\P00NGN.B2A\appl.zip\install\BFMerge.bto
C:\SW\P00NGN.B2A\appl.zip\preos.pi\BFDelPart.bto
C:\SW\P00NGN.B2A\system.sav\bbv\BFCleanup.bto
C:\SW\P00NGN.B2A\system.sav\P2PP\2ndCap\z_zBFDelPartFusion.bto
C:\SW\P00NGN.B2A\system.sav\P2PP\FUpdate\BFMergeFusion.bto
C:\SW\P00NGN.B2A\system.sav\util\BFDelPart.cmd
C:\SW\P00NGN.B2A\system.sav\util\BFMerge.cmd
C:\SW\P00NGN.B2A\system.sav\util\BFMergeForSR.cmd
C:\SW\P00NGN.B2A\system.sav\util\BFSplit.cmd
C:\SW\P00NGN.B2A\system.sav\util\GetBFSetting.cmd
C:\SW\P00NHP.B2U\SWSETUP\APP\Applications\McAfee\src\install.cmd
C:\SW\P00NHP.B2U\System.sav\P2PP\BBV2.EUE\install.cmd
C:\SW\P00NHP.B2U\System.sav\P2PP\BBV2Post\DelMcAfeeInst.BTO
C:\SW\P00NXS.B2H\CPSFixUpFolder\SYSTEM.SAV\EXCLUDE\HWD\PostRunPreFBIFixupsHWD.cmd
C:\SW\P00NXS.B2H\CPSFixUpFolder\SYSTEM.SAV\EXCLUDE\HWD\RunPreFBIFixups.cmd
C:\SW\P00NXS.B2H\CPSFixUpFolder\SYSTEM.SAV\EXCLUDE\HWD\TwkFixUP3.cmd
C:\SW\P00NXS.B2H\CPSFixUpFolder\SYSTEM.SAV\EXCLUDE\HWD\FixUps3\00_START_HWD.cmd
C:\SW\P00NXS.B2H\CPSFixUpFolder\SYSTEM.SAV\EXCLUDE\HWD\P3\100_PROC_COMP_BIDFB.cmd
C:\SW\P00NXS.B2H\CPSFixUpFolder\SYSTEM.SAV\EXCLUDE\HWD\P3\400_PROC_Query_PnPID.cmd
C:\SW\P00NXS.B2H\CPSFixUpFolder\SYSTEM.SAV\EXCLUDE\HWD\P3\500_PROC_Validate_HWD.cmd
C:\SW\P00NXS.B2H\CPSFixUpFolder\SYSTEM.SAV\EXCLUDE\HWD\P3\ZZ_EnableHWD.cmd
C:\SW\P00NXS.B2H\CPSFixUpFolder\SYSTEM.SAV\tweaks\CDTPANIC.cmd
C:\SW\P00NXS.B2H\CPSFixUpFolder\SYSTEM.SAV\tweaks\LogIt.cmd
C:\SW\P00NXS.B2H\CPSFixUpFolder\SYSTEM.SAV\tweaks\LogItOut.cmd
C:\SW\P00NXS.B2H\CPSFixUpFolder\SYSTEM.SAV\tweaks\MoveCPSBlk.cmd
C:\SW\P00NXS.B2H\CPSFixUpFolder\SYSTEM.SAV\tweaks\PANIC.cmd
C:\SW\P00NXS.B2H\CPSFixUpFolder\SYSTEM.SAV\tweaks\PostRunPreFBIFixups.cmd
C:\SW\P00NXS.B2H\CPSFixUpFolder\SYSTEM.SAV\tweaks\PostRunPreFBIFixups2.cmd
C:\SW\P00NXS.B2H\CPSFixUpFolder\SYSTEM.SAV\tweaks\RunPreFBIFixups.cmd
C:\SW\P00NXS.B2H\CPSFixUpFolder\SYSTEM.SAV\tweaks\RunPreFBIFixupsP2PP.cmd
C:\SW\P00NXS.B2H\CPSFixUpFolder\SYSTEM.SAV\tweaks\TDCEnv.cmd
C:\SW\P00NXS.B2H\CPSFixUpFolder\SYSTEM.SAV\tweaks\TwkFixUP.cmd
C:\SW\P00NXS.B2H\CPSFixUpFolder\SYSTEM.SAV\tweaks\TwkFixUP2.cmd
C:\SW\P00NXS.B2H\CPSFixUpFolder\SYSTEM.SAV\tweaks\FixUps\ChkFB.bto
C:\SW\P00NXS.B2H\CPSFixUpFolder\SYSTEM.SAV\tweaks\FixUps\0_ChkFB.cmd
C:\SW\P00NXS.B2H\CPSFixUpFolder\SYSTEM.SAV\tweaks\FixUps\0_GMMode.cmd
C:\SW\P00NXS.B2H\CPSFixUpFolder\SYSTEM.SAV\tweaks\FixUps\Cleanup.cmd
C:\SW\P00NXS.B2H\CPSFixUpFolder\SYSTEM.SAV\tweaks\FixUps\CopyFBI.cmd
C:\SW\P00NXS.B2H\CPSFixUpFolder\SYSTEM.SAV\tweaks\FixUps\DATACOLL.cmd
C:\SW\P00NXS.B2H\CPSFixUpFolder\SYSTEM.SAV\tweaks\FixUps\DetHALPIN0.cmd
C:\SW\P00NXS.B2H\CPSFixUpFolder\SYSTEM.SAV\tweaks\FixUps\GetATFPMName.cmd
C:\SW\P00NXS.B2H\CPSFixUpFolder\SYSTEM.SAV\tweaks\FixUps\GetMLPre.cmd
C:\SW\P00NXS.B2H\CPSFixUpFolder\SYSTEM.SAV\tweaks\FixUps\GetN_CRM.cmd
C:\SW\P00NXS.B2H\CPSFixUpFolder\SYSTEM.SAV\tweaks\FixUps\GetOPTCODE.cmd
C:\SW\P00NXS.B2H\CPSFixUpFolder\SYSTEM.SAV\tweaks\FixUps\GetWPOffset.cmd
C:\SW\P00NXS.B2H\CPSFixUpFolder\SYSTEM.SAV\tweaks\FixUps\RMROOTML.cmd
C:\SW\P00NXS.B2H\CPSFixUpFolder\SYSTEM.SAV\tweaks\FixUps\ZBackup.cmd
C:\SW\P00NXS.B2H\CPSFixUpFolder\SYSTEM.SAV\tweaks\FixUps\ZCleanImageList.cmd
C:\SW\P00NXS.B2H\CPSFixUpFolder\SYSTEM.SAV\tweaks\FixUps2\0_ChkFB.cmd
C:\SW\P00NXS.B2H\CPSFixUpFolder\SYSTEM.SAV\tweaks\FixUps2\0_PnPID.cmd
C:\SW\P00NXS.B2H\CPSFixUpFolder\SYSTEM.SAV\tweaks\FixUps2\ChkOA3.cmd
C:\SW\P00NXS.B2H\CPSFixUpFolder\SYSTEM.SAV\tweaks\FixUps2\ChkPnP.cmd
C:\SW\P00NXS.B2H\CPSFixUpFolder\SYSTEM.SAV\tweaks\FixUps2\ChkWPOffset.cmd
C:\SW\P00NXS.B2H\CPSFixUpFolder\SYSTEM.SAV\tweaks\FixUps2\Cleanup.cmd
C:\SW\P00NXS.B2H\CPSFixUpFolder\SYSTEM.SAV\tweaks\FixUps2\FBILog.cmd
C:\SW\P00NXS.B2H\CPSFixUpFolder\SYSTEM.SAV\tweaks\FixUps2\PrepHWD.cmd
C:\SW\P00NXS.B2H\CPSFixUpFolder\SYSTEM.SAV\tweaks\FixUps2\ZZClean.cmd
C:\SW\P00NXS.B2H\CPSFixUpFolder\SYSTEM.SAV\tweaks\P1\044_Get_WDT_CONFIG.cmd
C:\SW\P00NXS.B2H\CPSFixUpFolder\SYSTEM.SAV\tweaks\P1\045_CHK_OS_Deliv.cmd
C:\SW\P00NXS.B2H\CPSFixUpFolder\SYSTEM.SAV\tweaks\P1\050_INIT_for_GMPP.cmd
C:\SW\P00NXS.B2H\CPSFixUpFolder\SYSTEM.SAV\tweaks\P1\100_DATA_Get_Master_Info.cmd
C:\SW\P00NXS.B2H\CPSFixUpFolder\SYSTEM.SAV\tweaks\P1\110_CHK_CPQDL_DPS_Delivs.cmd
C:\SW\P00NXS.B2H\CPSFixUpFolder\SYSTEM.SAV\tweaks\P1\150_PROC_ML.cmd
C:\SW\P00NXS.B2H\CPSFixUpFolder\SYSTEM.SAV\tweaks\P1\200_DATA_Deliv_Size.cmd
C:\SW\P00NXS.B2H\CPSFixUpFolder\SYSTEM.SAV\tweaks\P1\250_CHK_BuildID_in_ML.cmd
C:\SW\P00NXS.B2H\CPSFixUpFolder\SYSTEM.SAV\tweaks\P1\300_PROC_DevMode.cmd
C:\SW\P00NXS.B2H\CPSFixUpFolder\SYSTEM.SAV\tweaks\P1\400_PROC_Clean_RelDoc.cmd
C:\SW\P00NXS.B2H\CPSFixUpFolder\SYSTEM.SAV\tweaks\P1\410_PROC_China_For_W81.cmd
C:\SW\P00NXS.B2H\CPSFixUpFolder\SYSTEM.SAV\tweaks\P1\411_PROC_China_For_W10.cmd
C:\SW\P00NXS.B2H\CPSFixUpFolder\SYSTEM.SAV\tweaks\P1\420_CHK_Num_of_OS_Deliv.cmd
C:\SW\P00NXS.B2H\CPSFixUpFolder\SYSTEM.SAV\tweaks\P1\430_PROC_Twk_4_SmallStorage.cmd
C:\SW\P00NXS.B2H\CPSFixUpFolder\SYSTEM.SAV\tweaks\P1\430_PROC_Twk_4_SmallStorage2.cmd
C:\SW\P00NXS.B2H\CPSFixUpFolder\SYSTEM.SAV\tweaks\P1\440_PROC_Twk_By_Owner.cmd
C:\SW\P00NXS.B2H\CPSFixUpFolder\SYSTEM.SAV\tweaks\P1\450_PROC_Check_Clean.cmd
C:\SW\P00NXS.B2H\CPSFixUpFolder\SYSTEM.SAV\tweaks\P1\451_PROC_CleanImage.cmd
C:\SW\P00NXS.B2H\CPSFixUpFolder\SYSTEM.SAV\tweaks\P1\500_DT_pre_filter.cmd
C:\SW\P00NXS.B2H\CPSFixUpFolder\SYSTEM.SAV\tweaks\P1\550_PROC_MSSign.cmd
C:\SW\P00NXS.B2H\CPSFixUpFolder\SYSTEM.SAV\tweaks\P1\570_PROC_Filter_OptCode.cmd
C:\SW\P00NXS.B2H\CPSFixUpFolder\SYSTEM.SAV\tweaks\P1\580_PROC_FilterDriver_by_CPU.cmd
C:\SW\P00NXS.B2H\CPSFixUpFolder\SYSTEM.SAV\tweaks\P1\600_PROC_Generate_InfoBOM.cmd
C:\SW\P00NXS.B2H\CPSFixUpFolder\SYSTEM.SAV\tweaks\P1\610_PROC_Copy_DPS_File.cmd
C:\SW\P00NXS.B2H\CPSFixUpFolder\SYSTEM.SAV\tweaks\P1\700_PROC_Prepare_PASS2_Deliv.cmd
C:\SW\P00NXS.B2H\CPSFixUpFolder\SYSTEM.SAV\tweaks\P1\800_PROC_Move_SelectBlk.cmd
C:\SW\P00NXS.B2H\CPSFixUpFolder\SYSTEM.SAV\tweaks\P1\HWI\040_PROC_HWI.cmd
C:\SW\P00NXS.B2H\CPSFixUpFolder\SYSTEM.SAV\tweaks\P1\HWI\DPST2HWI.cmd
C:\SW\P00NXS.B2H\CPSFixUpFolder\SYSTEM.SAV\tweaks\P2\CheckDMIINI.cmd
C:\SW\P00NXS.B2H\CPSFixUpFolder\SYSTEM.SAV\tweaks\P2\ChkBIDFBP2.cmd
C:\SW\P00NXS.B2H\CPSFixUpFolder\SYSTEM.SAV\tweaks\P2\ChkSWPO.cmd
C:\SW\P00NXS.B2H\CPSFixUpFolder\SYSTEM.SAV\tweaks\P2\DetOS.cmd
C:\SW\P00NXS.B2H\CPSFixUpFolder\SYSTEM.SAV\tweaks\P2\GetOrderPO.cmd
C:\SW\P00NXS.B2H\CPSFixUpFolder\SYSTEM.SAV\tweaks\P2Proc\090_PROC_RCTO_Img.cmd
C:\SW\P00NXS.B2H\CPSFixUpFolder\SYSTEM.SAV\tweaks\P2Proc\100_DATA_Get_Target_Info.cmd
C:\SW\P00NXS.B2H\CPSFixUpFolder\SYSTEM.SAV\tweaks\P2Proc\110_PROC_BACKUP_P1_LOG.cmd
C:\SW\P00NXS.B2H\CPSFixUpFolder\SYSTEM.SAV\tweaks\P2Proc\120_PROC_GET_PE_DRV_LTR.cmd
C:\SW\P00NXS.B2H\CPSFixUpFolder\SYSTEM.SAV\tweaks\P2Proc\200_PROC_FIND_ORDER_PO.cmd
C:\SW\P00NXS.B2H\CPSFixUpFolder\SYSTEM.SAV\tweaks\P2Proc\250_CHK_BuildID_in_ML.cmd
C:\SW\P00NXS.B2H\CPSFixUpFolder\SYSTEM.SAV\tweaks\P2Proc\400_PROC_Query_PnPID.cmd
C:\SW\P00NXS.B2H\CPSFixUpFolder\SYSTEM.SAV\tweaks\P2Proc\500_PROC_Filter_PnPIDs.cmd
C:\SW\P00NXS.B2H\CPSFixUpFolder\SYSTEM.SAV\tweaks\P2Proc\510_PROC_Filter_FBs.cmd
C:\SW\P00NXS.B2H\CPSFixUpFolder\SYSTEM.SAV\tweaks\P2Proc\520_PROC_Filter_MIR.cmd
C:\SW\P00NXS.B2H\CPSFixUpFolder\SYSTEM.SAV\tweaks\P2Proc\600_PROC_RCTO.cmd
C:\SW\P00NXS.B2H\CPSFixUpFolder\SYSTEM.SAV\tweaks\P2Proc\800_PROC_Move_SelectBlk.cmd
C:\SW\P00NXS.B2H\CPSFixUpFolder\SYSTEM.SAV\Util\StartNet.cmd
C:\SW\P00NYH.B2N\Appl.zip\FixUps\LP_FOD_Supp.BTO
C:\SW\P00NYH.B2N\SwSetup\LP_FOD_Supp\LP_FOD_Supp.cmd
C:\SW\P00NZ2.B2L\Appl.zip\CleanUp\OSEnh_Clean.bto
C:\SW\P00NZ2.B2L\Appl.zip\PreOS\OSEnh_BurnDate.BTO
C:\SW\P00NZ2.B2L\Appl.zip\PreOS\OSEnh_MoveQFE.BTO
C:\SW\P00NZ2.B2L\Appl.zip\PreOS\OSEnh_Offline_FU.BTO
C:\SW\P00NZ2.B2L\Recovery\OEM\Point_B\AppReadi.cmd
C:\SW\P00NZ2.B2L\Recovery\OEM\Point_B\OSEnh_WOL.cmd
C:\SW\P00NZ2.B2L\Recovery\OEM\Point_D\AppReadi.cmd
C:\SW\P00NZ2.B2L\Recovery\OEM\Point_D\OSEnh_WOL.cmd
C:\SW\P00NZ2.B2L\SwSetup\OSEnh\AppReadi.cmd
C:\SW\P00NZ2.B2L\SwSetup\OSEnh\BurnDate.cmd
C:\SW\P00NZ2.B2L\SwSetup\OSEnh\OSEnhWOL.cmd
C:\SW\P00NZ2.B2L\SwSetup\OSEnh\OSEnh_Unbundle.cmd
C:\SW\P00NZ2.B2L\SwSetup\OSEnh\WinSAT.cmd
C:\SW\P00NZ2.B2L\SwSetup\OSEnh\WINSAT_2.cmd
C:\SW\P00NZ2.B2L\SwSetup\OSEnh_QFE_FU\OSEnh_Offline_FU.cmd
C:\SW\P00NZ2.B2L\System.sav\P2PP\BBV2Post\OSEnhWOL.BTO
C:\SW\P00NZ2.B2L\System.sav\P2PP\BBV2Post\WinSAT.BTO
C:\SW\P00NZ2.B2L\System.sav\P2PP\BBV2Post\ZZ_OESnhCleanUp.bto
C:\SW\P00NZ2.B2L\System.sav\P2PP\FUpdate\OSEnh_AppReadi.BTO
C:\SW\P00NZ8.B2D\SWSETUP\APP\Applications\HP\Windows10_NNZ8B2\16.30\P00NZ8B2.bto
C:\SW\P00NZ8.B2D\SWSETUP\APP\Applications\HP\Windows10_NNZ8B2\16.30\install.cmd
C:\SW\P00P02.B2P\Appl.zip\FixUps\0_RM_PASS1_FixUps.bto
C:\SW\P00P02.B2P\Appl.zip\Install\0_RM_PASS1_Install.bto
C:\SW\P00P02.B2P\Appl.zip\Preos.eue\a_RM_PASS1_PreOSEUE.bto
C:\SW\P00P02.B2P\Recovery\OEM\MSRM.cmd
C:\SW\P00P02.B2P\Recovery\OEM\PBR.cmd
C:\SW\P00P02.B2P\Recovery\OEM\Point_B\Install.PI\EnableDebugMode.cmd
C:\SW\P00P02.B2P\Recovery\OEM\Point_B\Install.PI\EnableDebugMode\AssignDrvLetterByPartIndex.cmd
C:\SW\P00P02.B2P\Recovery\OEM\Point_B\Install.PI\EnableDebugMode\EnableDebugModeByBCD.cmd
C:\SW\P00P02.B2P\Recovery\OEM\Point_D\Install.PI\RestoreESP.cmd
C:\SW\P00P02.B2P\Recovery\OEM\Point_D\Install.PI\RestoreFlgs.cmd
C:\SW\P00P02.B2P\Recovery\OEM\Point_D\Install.PI\sample.cmd
C:\SW\P00P02.B2P\Recovery\OEM\Point_D\Install.PI\RestoreESP\AssignDrvLetterByPartIndex.cmd
C:\SW\P00P02.B2P\Recovery\OEM\Tools\AssignDrvLetterByGUID.cmd
C:\SW\P00P02.B2P\Recovery\OEM\Tools\RemoveDrvLetter.cmd
C:\SW\P00P02.B2P\RM\Deploy-RP.cmd
C:\SW\P00P02.B2P\RM\RM_PASS1_CapImage.cmd
C:\SW\P00P02.B2P\RM\RM_PASS1_FixUps.cmd
C:\SW\P00P02.B2P\RM\RM_PASS1_Install.cmd
C:\SW\P00P02.B2P\RM\RM_PASS1_PreOSEUE.cmd
C:\SW\P00P02.B2P\RM\RM_PASS2_2ndCap.cmd
C:\SW\P00P02.B2P\RM\RM_PASS2_BBV3.cmd
C:\SW\P00P02.B2P\RM\RM_PASS2_BBVLAST.cmd
C:\SW\P00P02.B2P\RM\RM_PASS2_FixUps.cmd
C:\SW\P00P02.B2P\RM\RM_PASS2_FixUps3.cmd
C:\SW\P00P02.B2P\RM\RM_PASS2_FUpdate.cmd
C:\SW\P00P02.B2P\RM\RERM\CaptureESP.cmd
C:\SW\P00P02.B2P\RM\RERM\CaptureIndex1.cmd
C:\SW\P00P02.B2P\RM\RERM\CaptureIndex2.cmd
C:\SW\P00P02.B2P\RM\RERM\CapturePPKG.cmd
C:\SW\P00P02.B2P\RM\RERM\CheckImage.cmd
C:\SW\P00P02.B2P\RM\RERM\CheckPPKG.cmd
C:\SW\P00P02.B2P\RM\RERM\CreateRTP.cmd
C:\SW\P00P02.B2P\RM\RERM\DeployRTP.cmd
C:\SW\P00P02.B2P\RM\RERM\DeployWinRE_1st.cmd
C:\SW\P00P02.B2P\RM\RERM\DeployWinRE_2nd.cmd
C:\SW\P00P02.B2P\RM\RERM\PrepareRM4CompactOS.cmd
C:\SW\P00P02.B2P\RM\RERM\PrepareRM_PASS1_PBR.cmd
C:\SW\P00P02.B2P\RM\RERM\PrepareRM_PASS2.cmd
C:\SW\P00P02.B2P\RM\RERM\PrepareRM_PASS3.cmd
C:\SW\P00P02.B2P\RM\RERM\UpdateFilesFromBP.cmd
C:\SW\P00P02.B2P\RM\RERM\CommonSolution\AboutInfo\AboutInfo.cmd
C:\SW\P00P02.B2P\RM\RERM\DeployRP\AssignDrvLetterByGUID.cmd
C:\SW\P00P02.B2P\RM\RERM\DeployRP\AssignDrvLetterByPartIndex.cmd
C:\SW\P00P02.B2P\RM\RERM\DeployRP\IMAGE_Append.cmd
C:\SW\P00P02.B2P\RM\RERM\DeployRP\IMAGE_Capture.cmd
C:\SW\P00P02.B2P\RM\RERM\DeployRP\RemoveDrvLetter.cmd
C:\SW\P00P02.B2P\RM\RERM\DeployRP\WR_PPKGCfg.cmd
C:\SW\P00P02.B2P\RM\RERM\DeployRP\RM_PATCH\ExtPoint_Start.cmd
C:\SW\P00P02.B2P\System.sav\bbv\CapImage.BTO
C:\SW\P00P02.B2P\System.sav\Exclude\HWD\FixUps3\0_RM_PASS2_FixUps3.cmd
C:\SW\P00P02.B2P\System.sav\ExitProc\PASS3\zz_RM_BBV3.cmd
C:\SW\P00P02.B2P\System.sav\ExitProc\Subs\RM_Subs.cmd
C:\SW\P00P02.B2P\System.sav\P2PP\2ndCap\z_RM_PASS2_2ndCap.bto
C:\SW\P00P02.B2P\System.sav\P2PP\BBVClean\x_RM_PASS2_BBVClean.bto
C:\SW\P00P02.B2P\System.sav\P2PP\BBVLast\y_RM_PASS2_BBVLAST.bto
C:\SW\P00P02.B2P\System.sav\P2PP\FixUps\1_RM_PASS2_FixUps.bto
C:\SW\P00P02.B2P\System.sav\P2PP\FUpdate\4_RM_PASS2_FUpdate.bto
C:\SW\P00P02.B2P\System.sav\util\PostRM\ApplyPPKG.cmd
C:\SW\P00P02.B2P\System.sav\util\PostRM\DeployPBR.cmd
C:\SW\P00P02.B2P\System.sav\util\PostRM\F11Setting.cmd
C:\SW\P00P02.B2P\System.sav\util\PostRM\PBROEM.cmd
C:\SW\P00P02.B2P\System.sav\util\PostRM\PostRM.cmd
C:\SW\P00P02.B2P\System.sav\util\PostRM\ReagentcSetting.cmd
C:\SW\P00P03.B2N\Appl.zip\Preos.eue\b_RM_PASS1_PreOSEUE.bto
C:\SW\P00P03.B2N\Recovery\OEM\Point_D\Install.EUE\HPRMEntry.cmd
C:\SW\P00P03.B2N\RM\RERM\CaptureBP.cmd
C:\SW\P00P03.B2N\RM\RERM\CaptureFU.cmd
C:\SW\P00P03.B2N\RM\RERM\CreateRP.cmd
C:\SW\P00P03.B2N\RM\RERM\DeployRP.cmd
C:\SW\P00P03.B2N\RM\RERM\DeployUCRM.cmd
C:\SW\P00P03.B2N\RM\RERM\NextBoot2RTP.cmd
C:\SW\P00P03.B2N\RM\RERM\PrepareRM_PASS1_HPRM.cmd
C:\SW\P00P03.B2N\RM\RERM\Regsvr2OS.cmd
C:\SW\P00P03.B2N\RM\RERM\DeployRP\RM_PATCH\ExtPoint_PostRecovery.cmd
C:\SW\P00P03.B2N\RM\RERM\DeployRP\RM_PATCH\ExtPoint_PreRecovery.cmd
C:\SW\P00P03.B2N\RM\RERM\DeployUCRM\windows\System32\startnet.cmd
C:\SW\P00P03.B2N\RM\RERM\DeployWinRE\sources\recovery\tools\HP\HPRM_START.cmd
C:\SW\P00P03.B2N\RM\RERM\DeployWinRE\sources\recovery\tools\HP\HPRM_WINRE.cmd
C:\SW\P00P03.B2N\RM\RERM\DeployWinRE\sources\recovery\tools\HP\Rita-tool\AssignDrvLetter.cmd
C:\SW\P00P03.B2N\RM\RERM\DeployWinRE\sources\recovery\tools\HP\Rita-tool\AssignDrvLetterByGUID.cmd
C:\SW\P00P03.B2N\RM\RERM\DeployWinRE\sources\recovery\tools\HP\Rita-tool\CopyRequireLog.cmd
C:\SW\P00P03.B2N\RM\RERM\DeployWinRE\sources\recovery\tools\HP\Rita-tool\DetectLang.cmd
C:\SW\P00P03.B2N\RM\RERM\DeployWinRE\sources\recovery\tools\HP\Rita-tool\DrvLetter2DiskIndex.cmd
C:\SW\P00P03.B2N\RM\RERM\DeployWinRE\sources\recovery\tools\HP\Rita-tool\FileBkup.cmd
C:\SW\P00P03.B2N\RM\RERM\DeployWinRE\sources\recovery\tools\HP\Rita-tool\Prewelcome.cmd
C:\SW\P00P03.B2N\RM\RERM\DeployWinRE\sources\recovery\tools\HP\Rita-tool\RemoveDrvLetter.cmd
C:\SW\P00P03.B2N\RM\RERM\DeployWinRE\sources\recovery\tools\HP\Rita-tool\ResetSPBCD.cmd
C:\SW\P00P03.B2N\RM\RERM\DeployWinRE\sources\recovery\tools\HP\Rita-tool\ReturnFile.cmd
C:\SW\P00P03.B2N\RM\RERM\DeployWinRE\sources\recovery\tools\HP\Rita-tool\SetRPDrv.cmd
C:\SW\P00P03.B2N\RM\RERM\DeployWinRE\sources\recovery\tools\HP\Rita-tool\cDT\F11_SR_PreparePartition_2ndCap.cmd
C:\SW\P00P03.B2N\RM\RERM\DeployWinRE\sources\recovery\tools\HP\Rita-tool\cDT\F11_SR_PreparePartition_GM.cmd
C:\SW\P00P03.B2N\RM\RERM\DeployWinRE\sources\recovery\tools\HP\Rita-tool\cDT\F11_SR_Restore_2ndCap.cmd
C:\SW\P00P03.B2N\RM\RERM\DeployWinRE\sources\recovery\tools\HP\Rita-tool\cDT\F11_SR_Restore_GM.cmd
C:\SW\P00P03.B2N\RM\RERM\DeployWinRE\sources\recovery\tools\HP\Rita-tool\cDT\UCRM_FR_PreparePartition.cmd
C:\SW\P00P03.B2N\RM\RERM\DeployWinRE\sources\recovery\tools\HP\Rita-tool\cDT\UCRM_FR_Restore.cmd
C:\SW\P00P03.B2N\RM\RERM\DeployWinRE\sources\recovery\tools\HP\Rita-tool\cDT\UCRM_SR_PreparePartition_2ndCap.cmd
C:\SW\P00P03.B2N\RM\RERM\DeployWinRE\sources\recovery\tools\HP\Rita-tool\cDT\UCRM_SR_PreparePartition_GM.cmd
C:\SW\P00P03.B2N\RM\RERM\DeployWinRE\sources\recovery\tools\HP\Rita-tool\cDT\UCRM_SR_Restore_2ndCap.cmd
C:\SW\P00P03.B2N\RM\RERM\DeployWinRE\sources\recovery\tools\HP\Rita-tool\cDT\UCRM_SR_Restore_GM.cmd
C:\SW\P00P03.B2N\RM\RERM\DeployWinRE\sources\recovery\tools\HP\Rita-tool\cDT\UpdateCurrentProdInfo.cmd
C:\SW\P00P03.B2N\RM\RERM\DeployWinRE\sources\recovery\tools\HP\Rita-tool\cNB\F11_SR_PreparePartition_2ndCap.cmd
C:\SW\P00P03.B2N\RM\RERM\DeployWinRE\sources\recovery\tools\HP\Rita-tool\cNB\F11_SR_PreparePartition_GM.cmd
C:\SW\P00P03.B2N\RM\RERM\DeployWinRE\sources\recovery\tools\HP\Rita-tool\cNB\F11_SR_Restore_2ndCap.cmd
C:\SW\P00P03.B2N\RM\RERM\DeployWinRE\sources\recovery\tools\HP\Rita-tool\cNB\F11_SR_Restore_GM.cmd
C:\SW\P00P03.B2N\RM\RERM\DeployWinRE\sources\recovery\tools\HP\Rita-tool\cNB\UCRM_FR_PreparePartition.cmd
C:\SW\P00P03.B2N\RM\RERM\DeployWinRE\sources\recovery\tools\HP\Rita-tool\cNB\UCRM_FR_Restore.cmd
C:\SW\P00P03.B2N\RM\RERM\DeployWinRE\sources\recovery\tools\HP\Rita-tool\cNB\UCRM_SR_PreparePartition_2ndCap.cmd
C:\SW\P00P03.B2N\RM\RERM\DeployWinRE\sources\recovery\tools\HP\Rita-tool\cNB\UCRM_SR_PreparePartition_GM.cmd
C:\SW\P00P03.B2N\RM\RERM\DeployWinRE\sources\recovery\tools\HP\Rita-tool\cNB\UCRM_SR_Restore_2ndCap.cmd
C:\SW\P00P03.B2N\RM\RERM\DeployWinRE\sources\recovery\tools\HP\Rita-tool\cNB\UCRM_SR_Restore_GM.cmd
C:\SW\P00P03.B2N\RM\RERM\DeployWinRE\sources\recovery\tools\HP\Rita-tool\cNB\UpdateCurrentProdInfo.cmd
C:\SW\P00P03.B2N\System.sav\ExitProc\util\CTOPanic.cmd
C:\SW\P00P03.B2N\System.sav\ExitProc\util\RMSaveLog.cmd
C:\SW\P00P03.B2N\System.sav\ExitProc\util\RMShowFinish.cmd
C:\SW\P00P12.B2P\appl.zip\PreinstallTools\P00P12.bto
C:\SW\P00P12.B2P\SWSetup\Office16\SETUP.cmd
C:\SW\P00P12.B2P\SWSetup\Office16_Pass2\oemsetup.cmd
C:\SW\P00P12.B2P\SWSetup\Office16_Pass2\Office_Reg.cmd
C:\SW\P00P12.B2P\system.sav\P2PP\PreinstallTools\P00P122.bto
C:\SW\P00P5S.00E\SWSETUP\APP\Applications\Microsoft\Microsoft_PP5S00\OPK16.2.100\P00P5S00.bto
C:\SW\P00P5S.00E\SWSETUP\APP\Applications\Microsoft\Microsoft_PP5S00\OPK16.2.100\install.cmd
C:\SW\P00P5S.00E\SWSETUP\APP\Applications\Microsoft\Microsoft_PP5S00\OPK16.2.100\src\install.cmd
C:\SW\P00P62.B2E\SWSETUP\APP\Applications\Microsoft\Microsoft_PP62B2\OPK16.2.1\P00P62B2.bto
C:\SW\P00P62.B2E\SWSETUP\APP\Applications\Microsoft\Microsoft_PP62B2\OPK16.2.1\install.cmd
C:\SW\P00P62.B2E\SWSETUP\APP\Applications\Microsoft\Microsoft_PP62B2\OPK16.2.1\src\install.cmd
C:\SW\P00P9V.B2V\Appl.zip\Cleanup\Ngen.BTO
C:\SW\P00P9V.B2V\Appl.zip\Cleanup\RdFldrIfErsCVA_PASS1.BTO
C:\SW\P00P9V.B2V\Appl.zip\Cleanup.eue\QryWinSxS_ImgEnh.bto
C:\SW\P00P9V.B2V\Appl.zip\Fixups\1stWinPE_DRV.BTO
C:\SW\P00P9V.B2V\Appl.zip\Fixups\CPUFlag.BTO
C:\SW\P00P9V.B2V\Appl.zip\Fixups\MSSignFlag.BTO
C:\SW\P00P9V.B2V\Appl.zip\Fixups\WIMBOOT.BTO
C:\SW\P00P9V.B2V\Appl.zip\OSUpdate\QryWinSxS_ImgEnh.bto
C:\SW\P00P9V.B2V\Appl.zip\OSUpdate.pi\ClnWinSxS_ImgEnh.bto
C:\SW\P00P9V.B2V\Appl.zip\PreClean.EUE\ClnWinSxS_ImgEnh.bto
C:\SW\P00P9V.B2V\Appl.zip\Preos.EUE\Win_Offline.BTO
C:\SW\P00P9V.B2V\Appl.zip\Preos.Pi\IGNORE.BTO
C:\SW\P00P9V.B2V\Recovery\OEM\Point_D\BiosReadBack_PBR.cmd
C:\SW\P00P9V.B2V\Recovery\OEM\Point_D\Scaling_PBR.cmd
C:\SW\P00P9V.B2V\Recovery\OEM\Point_D\BiosReadBack\BiosReadback.cmd
C:\SW\P00P9V.B2V\System.sav\ExitProc\PASS3\DisOSK4PBR.cmd
C:\SW\P00P9V.B2V\System.sav\ExitProc\PASS3\DisOSKonSTDNB.cmd
C:\SW\P00P9V.B2V\System.sav\ExitProc\Subs\ClnDhcpDomain.cmd
C:\SW\P00P9V.B2V\System.sav\FactoryUpdate\FixUp\FUNAME.CMD
C:\SW\P00P9V.B2V\System.sav\P2PP\2ndCap\StartPolicy.BTO
C:\SW\P00P9V.B2V\System.sav\P2PP\2ndCap.pi\ClnDhcpDomain.bto
C:\SW\P00P9V.B2V\System.sav\P2PP\2ndCap.pi\ImgEnd.bto
C:\SW\P00P9V.B2V\System.sav\P2PP\2ndCap.pi\OfflineDisableDefender.BTO
C:\SW\P00P9V.B2V\System.sav\P2PP\BBV1\ClnWinSxS_ImgEnh.bto
C:\SW\P00P9V.B2V\System.sav\P2PP\BBV2\DisOSKonSTDNB.bto
C:\SW\P00P9V.B2V\System.sav\P2PP\BBV2\QryWinSxS_ImgEnh.bto
C:\SW\P00P9V.B2V\System.sav\P2PP\BBV2Post\AppendBiosReadbackToBbv3.bto
C:\SW\P00P9V.B2V\System.sav\P2PP\BBV2Post\DisableDefender.BTO
C:\SW\P00P9V.B2V\System.sav\P2PP\BBV2Post\DTICON.BTO
C:\SW\P00P9V.B2V\System.sav\P2PP\BBV2Post\InsertPostOOBEM.BTO
C:\SW\P00P9V.B2V\System.sav\P2PP\BBV2Post\Ngen.BTO
C:\SW\P00P9V.B2V\System.sav\P2PP\BBV2Post\SetOSVar.BTO
C:\SW\P00P9V.B2V\System.sav\P2PP\BBV2Post\WriteCache.BTO
C:\SW\P00P9V.B2V\System.sav\P2PP\BBVClean\ClnDhcpDomain.bto
C:\SW\P00P9V.B2V\System.sav\P2PP\BBVClean\RdFldrIfErsCVA_PASS2.BTO
C:\SW\P00P9V.B2V\System.sav\P2PP\BBVClean\Scaling_ImgEnh.BTO
C:\SW\P00P9V.B2V\System.sav\P2PP\BBVClean\StartPolicy.BTO
C:\SW\P00P9V.B2V\System.sav\P2PP\FixUps\IGNORE.BTO
C:\SW\P00P9V.B2V\System.sav\P2PP\fupdate\MSAPPS.BTO
C:\SW\P00P9V.B2V\System.sav\P2PP\OSUpdate\PullInJumpstartBTO.bto
C:\SW\P00P9V.B2V\System.sav\Util\TDC\MCPP\ClnDhcpDomain_ImgEnh.cmd
C:\SW\P00P9V.B2V\System.sav\Util\TDC\MCPP\ClnDhcpDomain_ImgEnh_Online.cmd
C:\SW\P00P9V.B2V\System.sav\Util\TDC\MCPP\ClnWinSxS.cmd
C:\SW\P00P9V.B2V\System.sav\Util\TDC\MCPP\CPUFlag.CMD
C:\SW\P00P9V.B2V\System.sav\Util\TDC\MCPP\DELETE_LAST.CMD
C:\SW\P00P9V.B2V\System.sav\Util\TDC\MCPP\DisableDefender.cmd
C:\SW\P00P9V.B2V\System.sav\Util\TDC\MCPP\DTICON.CMD
C:\SW\P00P9V.B2V\System.sav\Util\TDC\MCPP\ImgEnhFixReg.cmd
C:\SW\P00P9V.B2V\System.sav\Util\TDC\MCPP\MSAppsOrder.CMD
C:\SW\P00P9V.B2V\System.sav\Util\TDC\MCPP\Ngen.CMD
C:\SW\P00P9V.B2V\System.sav\Util\TDC\MCPP\OfflineDisableDefender.cmd
C:\SW\P00P9V.B2V\System.sav\Util\TDC\MCPP\QryWinSxS.cmd
C:\SW\P00P9V.B2V\System.sav\Util\TDC\MCPP\RdFldrIfErsCVA.cmd
C:\SW\P00P9V.B2V\System.sav\Util\TDC\MCPP\Scaling_ImgEnh_Online.CMD
C:\SW\P00P9V.B2V\System.sav\Util\TDC\MCPP\SetOSVar.cmd
C:\SW\P00P9V.B2V\System.sav\Util\TDC\MCPP\StartPolicy_ImgEnh.CMD
C:\SW\P00P9V.B2V\System.sav\Util\TDC\MCPP\StartPolicy_ImgEnh_Online.CMD
C:\SW\P00P9V.B2V\System.sav\Util\TDC\MCPP\WinPE_DRV.CMD
C:\SW\P00P9V.B2V\System.sav\Util\TDC\MCPP\WinPE_DrvInst.CMD
C:\SW\P00P9V.B2V\System.sav\Util\TDC\MCPP\Win_Offline.CMD
C:\SW\P00P9V.B2V\System.sav\Util\TDC\MCPP\WriteCache.CMD
C:\SW\P00P9Y.B2F\Appl.zip\Fixups\CustImgChk.BTO
C:\SW\P00P9Y.B2F\system.sav\P2PP\2ndCap.pi\CUST2ndCap.BTO
C:\SW\P00P9Y.B2F\system.sav\P2PP\BBV2Post\CUSTBBV2POST.BTO
C:\SW\P00P9Y.B2F\system.sav\P2PP\BBVClean\CUSTClnDhcp.BTO
C:\SW\P00P9Y.B2F\system.sav\P2PP\FUpdate.eue\CUSTWAV.BTO
C:\SW\P00P9Y.B2F\system.sav\Util\TDC\MCPP\CUST_AddIntoPpkgExList.CMD
C:\SW\P00P9Y.B2F\system.sav\Util\TDC\MCPP\CUST_TouchPointCfg.CMD
C:\SW\P00P9Y.B2F\system.sav\Util\TDC\MCPP\CUST_WAV.CMD
C:\SW\P00PAB.B2V\SWSETUP\APP\Applications\HP\HPOrbit_PPABB2\1.0.0.191\P00PABB2.bto
C:\SW\P00PAB.B2V\SWSETUP\APP\Applications\HP\HPOrbit_PPABB2\1.0.0.191\install.cmd
C:\SW\P00PAB.B2V\SWSETUP\APP\Applications\HP\HPOrbit_PPABB2\1.0.0.191\src\install.cmd
C:\SW\P00PC9.B2E\Appl.zip\PreOS.pi\1RSF4FUS.bto
C:\SW\P00PC9.B2E\HP\RSF4WIN\1RSF4FUS.cmd
C:\SW\P00PC9.B2E\HP\RSF4WIN\1RSF4FUS_cDT.cmd
C:\SW\P00PC9.B2E\system.sav\P2PP\FUpdate\RSFW10_Script.bto
C:\SW\P00PC9.B2E\system.sav\P2PP\FUpdate\RSFW10_Script_2.bto
C:\SW\P00PCB.B2C\HP\HPEULA\HPEULA_Alignment.cmd
C:\SW\P00PCB.B2C\HP\HPEULA\ORG\ren1.cmd
C:\SW\P00PCB.B2C\system.sav\P2PP\FUpdate\W10Eula.bto
C:\SW\P00PF9.B2E\SWSETUP\DRV\Network\REALTEK\RealtekRT_PPF9B2\2023.40.801.2016\P00PF9B2.bto
C:\SW\P00PF9.B2E\SWSETUP\DRV\Network\REALTEK\RealtekRT_PPF9B2\2023.40.801.2016\install.cmd
C:\SW\P00PK5.B2G\SWSETUP\APP\Applications\CyberLink\Cyberlink_PPK5B2\14.0.2.3309\P00PK5B2.bto
C:\SW\P00PK5.B2G\SWSETUP\APP\Applications\CyberLink\Cyberlink_PPK5B2\14.0.2.3309\install.cmd
C:\SW\P00PK5.B2G\SWSETUP\APP\Applications\CyberLink\Cyberlink_PPK5B2\14.0.2.3309\src\install.cmd
C:\SW\P00PL3.B2K\SWSETUP\APP\Applications\HP\HPAudioSw_PPL3B2\1.0.138.0\P00PL3B2.bto
C:\SW\P00PL3.B2K\SWSETUP\APP\Applications\HP\HPAudioSw_PPL3B2\1.0.138.0\install.cmd
C:\SW\P00PL3.B2K\SWSETUP\APP\Applications\HP\HPAudioSw_PPL3B2\1.0.138.0\src\install.cmd
C:\SW\P00PL3.B2K\SWSETUP\APP\Applications\HP\HPAudioSw_PPL3B2\1.0.138.0\src\uninstall.cmd
C:\SW\P00PLJ.B2M\Appl.zip\OSUpdate\ImageDiag_EarlyStage.BTO
C:\SW\P00PLJ.B2M\system.sav\P2PP\BBV2Post\ImageDiag.BTO
C:\SW\P00PLJ.B2M\system.sav\P2PP\OSUpdate\ImageDiag_EarlyStage.BTO
C:\SW\P00PLJ.B2M\system.sav\Util\TDC\MCPP\AFOLBREG.cmd
C:\SW\P00PLJ.B2M\system.sav\Util\TDC\MCPP\ImageDiag.CMD
C:\SW\P00PLJ.B2M\system.sav\Util\TDC\MCPP\ImageDiag_EarlyStage.CMD
C:\SW\P00PLJ.B2M\system.sav\Util\TDC\MCPP\Test.CMD
C:\SW\P00PLU.B2K\Appl.zip\OSUpdate.EUE\0_MS_StartApps.bto
C:\SW\P00PLU.B2K\SwSetup\MS_StartApp_Resource\MS_StartAPP_Resource.cmd
C:\SW\P00PLU.B2K\SwSetup\MS_StartApp_Resource\MS_StartAPP_Resource_CH.cmd
C:\SW\P00PLU.B2K\SwSetup\MS_StartApp_Resource\MS_StartAPP_Resource_Complete.cmd
C:\SW\P00PLU.B2K\SwSetup\MS_StartApp_Resource\MS_StartAPP_Resource_Legacy.cmd
C:\SW\P00PLU.B2K\SwSetup\MS_StartApp_Resource\MS_StartAPP_Resource_Legacy_CH.cmd
C:\SW\P00PNH.B2X\Appl.zip\Cleanup.eue\MobClean_W7.bto
C:\SW\P00PNH.B2X\Appl.zip\Cleanup.eue\MobClean_W8.bto
C:\SW\P00PNH.B2X\Appl.zip\Cleanup.eue\OTCLNUP1.bto
C:\SW\P00PNH.B2X\Appl.zip\Cleanup.eue\SysInfoLog.bto
C:\SW\P00PNH.B2X\Appl.zip\Cleanup.eue\UTCLNUP.bto
C:\SW\P00PNH.B2X\Appl.zip\Cleanup.eue\ZZEnable.bto
C:\SW\P00PNH.B2X\Appl.zip\Cleanup.eue\ZZZTDCU2_Wx.BTO
C:\SW\P00PNH.B2X\Appl.zip\Cleanup.eue\ZZZTDCUT.BTO
C:\SW\P00PNH.B2X\Appl.zip\ExtMSC\ExtendMSCU.cmd
C:\SW\P00PNH.B2X\Appl.zip\Fixups\0IgnoreTask.bto
C:\SW\P00PNH.B2X\Appl.zip\Fixups\1ChkImg.BTO
C:\SW\P00PNH.B2X\Appl.zip\Fixups\2ExtMSC.bto
C:\SW\P00PNH.B2X\Appl.zip\Fixups\ChkDiskI.BTO
C:\SW\P00PNH.B2X\Appl.zip\Fixups\ChkMem64.bto
C:\SW\P00PNH.B2X\Appl.zip\Fixups\DelCLN.BTO
C:\SW\P00PNH.B2X\Appl.zip\Fixups\ZChkMPM.bto
C:\SW\P00PNH.B2X\Appl.zip\Fixups\ZEnblDbg.BTO
C:\SW\P00PNH.B2X\Appl.zip\Fixups\ZZZTDCUT.BTO
C:\SW\P00PNH.B2X\Appl.zip\Fixups\ZZZZERR_W8.BTO
C:\SW\P00PNH.B2X\Appl.zip\init\Init.bto
C:\SW\P00PNH.B2X\Appl.zip\Install\1DrvSpa.BTO
C:\SW\P00PNH.B2X\Appl.zip\Install\SetP2Loc.BTO
C:\SW\P00PNH.B2X\Appl.zip\install.EUE\ZZZTDCUT.BTO
C:\SW\P00PNH.B2X\Appl.zip\Install2.EUE\ZZZTDCUT.BTO
C:\SW\P00PNH.B2X\Appl.zip\LangPacks\MgrLPs.BTO
C:\SW\P00PNH.B2X\Appl.zip\LangPacks\FindLPs.cmd
C:\SW\P00PNH.B2X\Appl.zip\LangPacks\InstLP.cmd
C:\SW\P00PNH.B2X\Appl.zip\LangPacks\RemoveLP.cmd
C:\SW\P00PNH.B2X\Appl.zip\OSUpdate\1GenRStone.bto
C:\SW\P00PNH.B2X\Appl.zip\OSUpdate\CollData.BTO
C:\SW\P00PNH.B2X\Appl.zip\OSUpdate.EUE\ZZZTDCUT.BTO
C:\SW\P00PNH.B2X\Appl.zip\OSUpdate.pi\1stDSKInfo.BTO
C:\SW\P00PNH.B2X\Appl.zip\OSUpdate.pi\DelFold_W8.BTO
C:\SW\P00PNH.B2X\Appl.zip\OSUpdate.pi\DelPF4WPE.bto
C:\SW\P00PNH.B2X\Appl.zip\OSUpdate.pi\DisableP.BTO
C:\SW\P00PNH.B2X\Appl.zip\PreClean.EUE\ZZZTDCUT.BTO
C:\SW\P00PNH.B2X\Appl.zip\PreInit\ChkBiosKey.bto
C:\SW\P00PNH.B2X\Appl.zip\PreInit\CleanDPS.BTO
C:\SW\P00PNH.B2X\Appl.zip\PreInit\MoveLPs.bto
C:\SW\P00PNH.B2X\Appl.zip\PreInit\MoveOS.bto
C:\SW\P00PNH.B2X\Appl.zip\PreInit\PF4WPE.bto
C:\SW\P00PNH.B2X\Appl.zip\PreOS\CleanCVA.BTO
C:\SW\P00PNH.B2X\Appl.zip\PreOS\MC_SETCL.BTO
C:\SW\P00PNH.B2X\Appl.zip\PreOS.EUE\5TDCUT64.bto
C:\SW\P00PNH.B2X\Appl.zip\PreOS.EUE\DisableSR.bto
C:\SW\P00PNH.B2X\Appl.zip\PreOS.EUE\OfflineDrvInst.bto
C:\SW\P00PNH.B2X\Appl.zip\PreOS.EUE\OFFLNQFE.BTO
C:\SW\P00PNH.B2X\Appl.zip\PreOS.EUE\ZZZTDCUT.BTO
C:\SW\P00PNH.B2X\Appl.zip\PreOS.EUE\ZZZZERR.BTO
C:\SW\P00PNH.B2X\Appl.zip\PreOS.EUE\ZZZZZ.bto
C:\SW\P00PNH.B2X\Appl.zip\PreOS.EUE\DelFile.cmd
C:\SW\P00PNH.B2X\Appl.zip\PreOS.EUE\InfGen.cmd
C:\SW\P00PNH.B2X\Appl.zip\PreOS.EUE\OfflieDrvInst.cmd
C:\SW\P00PNH.B2X\Appl.zip\PreOS.pi\1TDCUT2.BTO
C:\SW\P00PNH.B2X\Appl.zip\PreOS.pi\bbv.bto
C:\SW\P00PNH.B2X\Appl.zip\PreOS.pi\CreateSP.bto
C:\SW\P00PNH.B2X\Appl.zip\PreOS.pi\FLG_SetPF.BTO
C:\SW\P00PNH.B2X\Appl.zip\PreOS.pi\MC_GETIN.BTO
C:\SW\P00PNH.B2X\Appl.zip\PreOS.pi\WMPTweak.bto
C:\SW\P00PNH.B2X\Appl.zip\QFE\OFFLNQFE.BTO
C:\SW\P00PNH.B2X\Appl.zip\TestCert\appl.zip\OSUpdate.EUE\ZZTDCDC.BTO
C:\SW\P00PNH.B2X\Appl.zip\TestCert\appl.zip\osupdate.pi\ecmdump.BTO
C:\SW\P00PNH.B2X\Appl.zip\TestCert\appl.zip\osupdate.pi\ZZTDCDC.BTO
C:\SW\P00PNH.B2X\Appl.zip\TestCert\appl.zip\PreClean.EUE\ClnTDCU.bto
C:\SW\P00PNH.B2X\Appl.zip\TestCert\appl.zip\PreClean.EUE\ZZTDCDC.BTO
C:\SW\P00PNH.B2X\Appl.zip\TestCert\appl.zip\preos\KBDHID.bto
C:\SW\P00PNH.B2X\Appl.zip\TestCert\appl.zip\preos\TSTCERT.bto
C:\SW\P00PNH.B2X\Appl.zip\TestCert\appl.zip\preos\ZTSTSIGN.BTO
C:\SW\P00PNH.B2X\Appl.zip\TestCert\appl.zip\vistaut\KBDHID.cmd
C:\SW\P00PNH.B2X\Appl.zip\TestCert\System.sav\BBV\sub\bbv1.cmd
C:\SW\P00PNH.B2X\Appl.zip\TestCert\System.sav\Exclude\HWD\FixUps3\ZTestSign.cmd
C:\SW\P00PNH.B2X\Appl.zip\TestCert\System.sav\P2PP\FUpdate.eue\TestSign.BTO
C:\SW\P00PNH.B2X\Appl.zip\TOOLS\cleanfbi.cmd
C:\SW\P00PNH.B2X\Appl.zip\TOOLS\IMGCLEAN.CMD
C:\SW\P00PNH.B2X\Appl.zip\TOOLS\MERGELOG.CMD
C:\SW\P00PNH.B2X\Appl.zip\vistaut\DelSWM.Cmd
C:\SW\P00PNH.B2X\Appl.zip\VITTDC\00_MARK_946.BTO
C:\SW\P00PNH.B2X\Appl.zip\VITTDC\AtClean.cmd
C:\SW\P00PNH.B2X\Appl.zip\VITTDC\ChkBiosKey.cmd
C:\SW\P00PNH.B2X\Appl.zip\VITTDC\DetSYSP.CMD
C:\SW\P00PNH.B2X\Appl.zip\VITTDC\DisableSR.cmd
C:\SW\P00PNH.B2X\Appl.zip\VITTDC\ErrorHandler.cmd
C:\SW\P00PNH.B2X\Appl.zip\VITTDC\Find4QFE.cmd
C:\SW\P00PNH.B2X\Appl.zip\VITTDC\Find4QFEPreReq.cmd
C:\SW\P00PNH.B2X\Appl.zip\VITTDC\HOOKFBI.cmd
C:\SW\P00PNH.B2X\Appl.zip\VITTDC\QFEList32.cmd
C:\SW\P00PNH.B2X\Appl.zip\VITTDC\UHOOKFBI.cmd
C:\SW\P00PNH.B2X\System.sav\2ndCap\applyBCD.cmd
C:\SW\P00PNH.B2X\System.sav\2ndCap\CLNB42NDC.cmd
C:\SW\P00PNH.B2X\System.sav\2ndCap\GetWIM.CMD
C:\SW\P00PNH.B2X\System.sav\2ndCap\PushbackBP.cmd
C:\SW\P00PNH.B2X\System.sav\2ndCap\RemMount.cmd
C:\SW\P00PNH.B2X\System.sav\2ndCap\UHOOKFBI.cmd
C:\SW\P00PNH.B2X\System.sav\bbv\diskut.bto
C:\SW\P00PNH.B2X\System.sav\bbv\FUpdate.bto
C:\SW\P00PNH.B2X\System.sav\bbv\PANICFLG.BTO
C:\SW\P00PNH.B2X\System.sav\bbv\PE_EXEC.BTO
C:\SW\P00PNH.B2X\System.sav\bbv\BBV2_EUE.cmd
C:\SW\P00PNH.B2X\System.sav\bbv\ColDiskI.cmd
C:\SW\P00PNH.B2X\System.sav\bbv\DelPF4WPE.cmd
C:\SW\P00PNH.B2X\System.sav\bbv\DetectTO.CMD
C:\SW\P00PNH.B2X\System.sav\bbv\ExtMSC.cmd
C:\SW\P00PNH.B2X\System.sav\bbv\OA3OptInfo.cmd
C:\SW\P00PNH.B2X\System.sav\bbv\PostPININST_BBV.cmd
C:\SW\P00PNH.B2X\System.sav\bbv\PreBBV1Cln.cmd
C:\SW\P00PNH.B2X\System.sav\bbv\PreBBV2.cmd
C:\SW\P00PNH.B2X\System.sav\bbv\QFEList32.cmd
C:\SW\P00PNH.B2X\System.sav\bbv\UpdModel.cmd
C:\SW\P00PNH.B2X\System.sav\DiskStyle\GPT\Appl.zip\UEFI\CreateESP.cmd
C:\SW\P00PNH.B2X\System.sav\DiskStyle\GPT\System.sav\Exclude\HWD\FixUps3\ZCreateE.cmd
C:\SW\P00PNH.B2X\System.sav\DiskStyle\GPT\System.sav\ExitProc\Logout.cmd
C:\SW\P00PNH.B2X\System.sav\DiskStyle\GPT\System.sav\ExitProc\OA3Rpt.cmd
C:\SW\P00PNH.B2X\System.sav\DiskStyle\GPT\System.sav\ExitProc\PANIC.cmd
C:\SW\P00PNH.B2X\System.sav\DiskStyle\GPT\System.sav\FactoryUpdate\CreateE.cmd
C:\SW\P00PNH.B2X\System.sav\DiskStyle\GPT\System.sav\FactoryUpdate\RSTPrep.cmd
C:\SW\P00PNH.B2X\System.sav\DiskStyle\GPT.W7\Appl.zip\UEFI\CreateESP.cmd
C:\SW\P00PNH.B2X\System.sav\DiskStyle\GPT.W7\System.sav\Exclude\HWD\FixUps3\ZCreateE.cmd
C:\SW\P00PNH.B2X\System.sav\DiskStyle\GPT.W7\System.sav\ExitProc\Logout.cmd
C:\SW\P00PNH.B2X\System.sav\DiskStyle\GPT.W7\System.sav\ExitProc\OA3Rpt.cmd
C:\SW\P00PNH.B2X\System.sav\DiskStyle\GPT.W7\System.sav\ExitProc\PANIC.cmd
C:\SW\P00PNH.B2X\System.sav\DiskStyle\GPT.W7\System.sav\FactoryUpdate\CreateE.cmd
C:\SW\P00PNH.B2X\System.sav\DiskStyle\GPT.W7\System.sav\FactoryUpdate\RSTPrep.cmd
C:\SW\P00PNH.B2X\System.sav\Exclude\HWD\FixUps3\ChkMPM.cmd
C:\SW\P00PNH.B2X\System.sav\Exclude\HWD\FixUps3\ZHPDiag.cmd
C:\SW\P00PNH.B2X\System.sav\ExitProc\2GS_SPE.cmd
C:\SW\P00PNH.B2X\System.sav\ExitProc\2ndSpe.cmd
C:\SW\P00PNH.B2X\System.sav\ExitProc\ActiveSP.cmd
C:\SW\P00PNH.B2X\System.sav\ExitProc\CheckWPFreeSpace.cmd
C:\SW\P00PNH.B2X\System.sav\ExitProc\ChkBiosKey.cmd
C:\SW\P00PNH.B2X\System.sav\ExitProc\ChkMPM.cmd
C:\SW\P00PNH.B2X\System.sav\ExitProc\Cleanup.cmd
C:\SW\P00PNH.B2X\System.sav\ExitProc\ClrBiosKey.cmd
C:\SW\P00PNH.B2X\System.sav\ExitProc\CreateNOSDV.cmd
C:\SW\P00PNH.B2X\System.sav\ExitProc\DeleteBP.cmd
C:\SW\P00PNH.B2X\System.sav\ExitProc\DisableSB.cmd
C:\SW\P00PNH.B2X\System.sav\ExitProc\DiskInfo.cmd
C:\SW\P00PNH.B2X\System.sav\ExitProc\DrvLtr2ESP.cmd
C:\SW\P00PNH.B2X\System.sav\ExitProc\EnableReboot.cmd
C:\SW\P00PNH.B2X\System.sav\ExitProc\EnableSB.cmd
C:\SW\P00PNH.B2X\System.sav\ExitProc\GetFileS.cmd
C:\SW\P00PNH.B2X\System.sav\ExitProc\InactiveSP.cmd
C:\SW\P00PNH.B2X\System.sav\ExitProc\LoadBiosKey.cmd
C:\SW\P00PNH.B2X\System.sav\ExitProc\LogIt.cmd
C:\SW\P00PNH.B2X\System.sav\ExitProc\LogItOut.cmd
C:\SW\P00PNH.B2X\System.sav\ExitProc\OA3Prep.cmd
C:\SW\P00PNH.B2X\System.sav\ExitProc\OA3Proc.cmd
C:\SW\P00PNH.B2X\System.sav\ExitProc\OSC2WDT.cmd
C:\SW\P00PNH.B2X\System.sav\ExitProc\TDCEnv.cmd
C:\SW\P00PNH.B2X\System.sav\ExitProc\TYPE2HOOK.cmd
C:\SW\P00PNH.B2X\System.sav\ExitProc\UpdERROR.CMD
C:\SW\P00PNH.B2X\System.sav\ExitProc\WipePINS.cmd
C:\SW\P00PNH.B2X\System.sav\ExitProc\DataColl\CollectData.cmd
C:\SW\P00PNH.B2X\System.sav\ExitProc\DataColl\DrvSpace.cmd
C:\SW\P00PNH.B2X\System.sav\ExitProc\DataColl\DumpBCD.cmd
C:\SW\P00PNH.B2X\System.sav\ExitProc\DataColl\DumpBIOS.cmd
C:\SW\P00PNH.B2X\System.sav\ExitProc\DataColl\Header.cmd
C:\SW\P00PNH.B2X\System.sav\ExitProc\DataColl\ListBTO.cmd
C:\SW\P00PNH.B2X\System.sav\ExitProc\ErrorChk\CheckFailureFlags.cmd
C:\SW\P00PNH.B2X\System.sav\ExitProc\ErrorChk\ChkAPLog.cmd
C:\SW\P00PNH.B2X\System.sav\ExitProc\ErrorChk\ChkError.cmd
C:\SW\P00PNH.B2X\System.sav\ExitProc\ErrorChk\ChkIndex.cmd
C:\SW\P00PNH.B2X\System.sav\ExitProc\PASS3\CheckIfTimeOut4PINIST.cmd
C:\SW\P00PNH.B2X\System.sav\ExitProc\PASS3\DumpCBCD.cmd
C:\SW\P00PNH.B2X\System.sav\ExitProc\PASS3\LoadBiosKey.cmd
C:\SW\P00PNH.B2X\System.sav\ExitProc\PASS3\SetTo0.cmd
C:\SW\P00PNH.B2X\System.sav\ExitProc\Spe\OSGUID.cmd
C:\SW\P00PNH.B2X\System.sav\ExitProc\Spe\ZZCLEANUP.cmd
C:\SW\P00PNH.B2X\System.sav\ExitProc\Subs\CollData.cmd
C:\SW\P00PNH.B2X\System.sav\ExitProc\Subs\ExportRunOnce.cmd
C:\SW\P00PNH.B2X\System.sav\ExitProc\Subs\PIN4MSDTC.cmd
C:\SW\P00PNH.B2X\System.sav\ExitProc\Subs\PIN4ProNASku.cmd
C:\SW\P00PNH.B2X\System.sav\ExitProc\Subs\RemMount.cmd
C:\SW\P00PNH.B2X\System.sav\FactoryUpdate\Find4QFE.cmd
C:\SW\P00PNH.B2X\System.sav\FactoryUpdate\FixUps.cmd
C:\SW\P00PNH.B2X\System.sav\FactoryUpdate\FormatDsk.cmd
C:\SW\P00PNH.B2X\System.sav\FactoryUpdate\FUpdate.cmd
C:\SW\P00PNH.B2X\System.sav\FactoryUpdate\FU_FixUP.cmd
C:\SW\P00PNH.B2X\System.sav\FactoryUpdate\MIRTweak.cmd
C:\SW\P00PNH.B2X\System.sav\FactoryUpdate\Partition.cmd
C:\SW\P00PNH.B2X\System.sav\FactoryUpdate\PF4WPE.cmd
C:\SW\P00PNH.B2X\System.sav\FactoryUpdate\PINTweak.cmd
C:\SW\P00PNH.B2X\System.sav\FactoryUpdate\ResetLoc.cmd
C:\SW\P00PNH.B2X\System.sav\FactoryUpdate\SKUDef.cmd
C:\SW\P00PNH.B2X\System.sav\FactoryUpdate\SSRDTwks.cmd
C:\SW\P00PNH.B2X\System.sav\fbi\cNBPANIC.BTO
C:\SW\P00PNH.B2X\System.sav\fbi\CheckForErrorFlag.cmd
C:\SW\P00PNH.B2X\System.sav\P2PP\2ndCap\0EnablePM.BTO
C:\SW\P00PNH.B2X\System.sav\P2PP\2ndCap.eue\ExtendWP.bto
C:\SW\P00PNH.B2X\System.sav\P2PP\2ndCap.eue\ZZ_ENDPROC.bto
C:\SW\P00PNH.B2X\System.sav\P2PP\2ndCap.pi\2ndCapPI.bto
C:\SW\P00PNH.B2X\System.sav\P2PP\2ndCap.pi\CleanP2PP.bto
C:\SW\P00PNH.B2X\System.sav\P2PP\2ndCap.pi\ZZ_B4_2CAP.bto
C:\SW\P00PNH.B2X\System.sav\P2PP\BBV1\ChkQFE.BTO
C:\SW\P00PNH.B2X\System.sav\P2PP\BBV1\ZZZDrv.bto
C:\SW\P00PNH.B2X\System.sav\P2PP\BBV1\0_DPSPnP.cmd
C:\SW\P00PNH.B2X\System.sav\P2PP\BBV2\CLNTWEK.bto
C:\SW\P00PNH.B2X\System.sav\P2PP\BBV2\CollData.BTO
C:\SW\P00PNH.B2X\System.sav\P2PP\BBV2\OA3OptInfo.bto
C:\SW\P00PNH.B2X\System.sav\P2PP\BBV2\UpdModel.bto
C:\SW\P00PNH.B2X\System.sav\P2PP\BBV2\ZZZDRVSp.BTO
C:\SW\P00PNH.B2X\System.sav\P2PP\BBV2.pi\0_PreCMD.bto
C:\SW\P00PNH.B2X\System.sav\P2PP\BBV2.pi\ExtMSCB2.BTO
C:\SW\P00PNH.B2X\System.sav\P2PP\BBV2Post\BBPost.bto
C:\SW\P00PNH.B2X\System.sav\P2PP\BBV2Post\CollData.BTO
C:\SW\P00PNH.B2X\System.sav\P2PP\BBVClean\BBClean.bto
C:\SW\P00PNH.B2X\System.sav\P2PP\BBVClean\BBCleanSysPrep.bto
C:\SW\P00PNH.B2X\System.sav\P2PP\BBVClean\BBPRERUN.bto
C:\SW\P00PNH.B2X\System.sav\P2PP\BBVClean\ClnSwSetup.bto
C:\SW\P00PNH.B2X\System.sav\P2PP\BBVClean\ColSysInfo.bto
C:\SW\P00PNH.B2X\System.sav\P2PP\BBVClean\CPFBIRES.bto
C:\SW\P00PNH.B2X\System.sav\P2PP\BBVClean\BBVClean.cmd
C:\SW\P00PNH.B2X\System.sav\P2PP\BBVClean\RunBtBcmd.cmd
C:\SW\P00PNH.B2X\System.sav\P2PP\BBVLast\0_BBVLast.bto
C:\SW\P00PNH.B2X\System.sav\P2PP\BBVLast\ZBBVLast.bto
C:\SW\P00PNH.B2X\System.sav\P2PP\FixUps\0_Tweaks.bto
C:\SW\P00PNH.B2X\System.sav\P2PP\FixUps\1GenRStone.BTO
C:\SW\P00PNH.B2X\System.sav\P2PP\FixUps\2_FPatch.bto
C:\SW\P00PNH.B2X\System.sav\P2PP\FixUps\ZChkMPM.bto
C:\SW\P00PNH.B2X\System.sav\P2PP\FixUps\DASHOpt.cmd
C:\SW\P00PNH.B2X\System.sav\P2PP\FUpdate\3_CreateSP.bto
C:\SW\P00PNH.B2X\System.sav\P2PP\FUpdate\5_ExtendWP.BTO
C:\SW\P00PNH.B2X\System.sav\P2PP\FUpdate\7_SSRxTwk.BTO
C:\SW\P00PNH.B2X\System.sav\P2PP\FUpdate\9_FUP_PI.BTO
C:\SW\P00PNH.B2X\System.sav\P2PP\FUpdate\A_RSTPrep.bto
C:\SW\P00PNH.B2X\System.sav\P2PP\FUpdate\FFSPrep.bto
C:\SW\P00PNH.B2X\System.sav\P2PP\FUpdate\FUPDATE.BTO
C:\SW\P00PNH.B2X\System.sav\P2PP\FUpdate\OFFQFE.BTO
C:\SW\P00PNH.B2X\System.sav\P2PP\FUpdate.eue\CleanCVA.BTO
C:\SW\P00PNH.B2X\System.sav\P2PP\FUpdate.eue\ZZ_FU_END.BTO
C:\SW\P00PNH.B2X\System.sav\P2PP\FUpdate.pi\DelCLN.BTO
C:\SW\P00PNH.B2X\System.sav\P2PP\FUpdate.pi\FormatDsk.bto
C:\SW\P00PNH.B2X\System.sav\P2PP\FUpdate.pi\IgnoreTasks.BTO
C:\SW\P00PNH.B2X\System.sav\P2PP\FUpdate.pi\ZZLoadBiosKey.BTO
C:\SW\P00PNH.B2X\System.sav\P2PP\OSUpdate.pi\0_PreCMD.bto
C:\SW\P00PNH.B2X\System.sav\P2PP\OSUpdate.pi\1_ChkBiosKey.BTO
C:\SW\P00PNH.B2X\System.sav\P2PP\OSUpdate.pi\CollData.BTO
C:\SW\P00PNH.B2X\System.sav\P2PP\OSUpdate.pi\DeletePF.bto
C:\SW\P00PNH.B2X\System.sav\P2PP\OSUpdate.pi\ExtMSCB1.BTO
C:\SW\P00PNH.B2X\System.sav\P2PP\OSUpdate.pi\ZZClnFilterFld.BTO
C:\SW\P00PNH.B2X\System.sav\P2PP\PreInit\2_FBIRES.BTO
C:\SW\P00PNH.B2X\System.sav\scripts\CleanSW.bto
C:\SW\P00PNH.B2X\System.sav\scripts\delwinpe.bto
C:\SW\P00PNH.B2X\System.sav\scripts\OSBACK.BTO
C:\SW\P00PNH.B2X\System.sav\scripts\RSTOOBE.BTO
C:\SW\P00PNH.B2X\System.sav\scripts\WAIT.BTO
C:\SW\P00PNH.B2X\System.sav\scripts\WPEBACK.BTO
C:\SW\P00PNH.B2X\System.sav\tweaks\FixUps\CopyPINAddOn.cmd
C:\SW\P00PNH.B2X\System.sav\tweaks\FixUps\CustomINI.cmd
C:\SW\P00PNH.B2X\System.sav\tweaks\FixUps\EnableUSBDbg.cmd
C:\SW\P00PNH.B2X\System.sav\tweaks\FixUps\SkipTOut.cmd
C:\SW\P00PNH.B2X\System.sav\tweaks\FixUps\ZCopyDskStyleScr.cmd
C:\SW\P00PNH.B2X\System.sav\tweaks\FixUps2\0_DATACOLL.cmd
C:\SW\P00PNH.B2X\System.sav\tweaks\FixUps2\ExtraTarget.cmd
C:\SW\P00PNH.B2X\System.sav\tweaks\FixUps2\PIN_PASS2_FIXUPS2.cmd
C:\SW\P00PNH.B2X\System.sav\tweaks\FixUps3\FormatDsk.cmd
C:\SW\P00PNH.B2X\System.sav\Util\Cleanup.cmd
C:\SW\P00PNH.B2X\System.sav\Util\Dev_Info.cmd
C:\SW\P00PNH.B2X\System.sav\Util\StartNet.cmd
C:\SW\P00PNH.B2X\System.sav\Util\WR4MSDTC.cmd
C:\SW\P00PNH.B2X\System.sav\Util\WR4ProNASku.cmd
C:\SW\P00PNH.B2X\System.sav\Util\MOBDEV\MOBDEV64.CMD
C:\SW\P00PNH.B2X\System.sav\Util\MOBDEV\MOBDEVCL.CMD
C:\SW\P00PNH.B2X\System.sav\Util\postpin\cleanup.cmd
C:\SW\P00PNH.B2X\System.sav\Util\postpin\PostLAST.cmd
C:\SW\P00PNH.B2X\System.sav\Util\TDC\MCPP\InstLP.cmd
C:\SW\P00PNH.B2X\System.sav\Util\TDC\MCPP\RemoveLP.cmd
C:\SW\P00PNH.B2X\System.sav\Util\TDCTWKs\sr.cmd
C:\SW\P00PPA.B2C\Recovery\OEM\Point_B\WallpaperTheme.cmd
C:\SW\P00PPA.B2C\Recovery\OEM\Point_D\WallpaperTheme.cmd
C:\SW\P00PPA.B2C\SWSetup\Wallpaper\MSSig\Signature_Wallpaper.cmd
C:\SW\P00PPA.B2C\SWSetup\Wallpaper\Scripts\HPSigImgWrongSetting.cmd
C:\SW\P00PPA.B2C\SWSetup\Wallpaper\Scripts\HP_CQ_Logo.cmd
C:\SW\P00PPA.B2C\SWSetup\Wallpaper\Scripts\HP_StartBackground.cmd
C:\SW\P00PPA.B2C\SWSetup\Wallpaper\Scripts\MSSigImgWrongSetting.cmd
C:\SW\P00PPA.B2C\SWSetup\Wallpaper\Scripts\WallpaperTheme.cmd
C:\SW\P00PPA.B2C\SWSetup\Wallpaper\Scripts\WallpaperTheme_MSSig.cmd
C:\SW\P00PPA.B2C\SWSetup\Wallpaper\Scripts\WallpaperTheme_StarWars.cmd
C:\SW\P00PPA.B2C\SWSetup\Wallpaper\Scripts\Wallpaper_EXE_cDT.cmd
C:\SW\P00PPA.B2C\SWSetup\Wallpaper\Scripts\Wallpaper_EXE_cNB.cmd
C:\SW\P00PPA.B2C\SWSetup\Wallpaper\Scripts\Wallpaper_Result.cmd
C:\SW\P00PPA.B2C\System.sav\P2PP\BBV2\BB_W10Wallpaper.bto
C:\SW\P00PPA.B2C\System.sav\P2PP\BBV2\BB_W10Wallpaper_PBR.bto
C:\SW\P00PSC.B2H\SWSETUP\APP\Applications\HP\HPJumpSta_PPSCB2\1.1.165.0\P00PSCB2.bto
C:\SW\P00PSC.B2H\SWSETUP\APP\Applications\HP\HPJumpSta_PPSCB2\1.1.165.0\install.cmd
C:\SW\P00PSC.B2H\SWSETUP\APP\Applications\HP\HPJumpSta_PPSCB2\1.1.165.0\src\install.cmd
C:\SW\P00PUF.B2G\System.sav\P2PP\2ndCap\Anoise.bto
C:\SW\P00PUF.B2G\System.sav\P2PP\2ndCap\ZZEnableService.bto
C:\SW\P00PUF.B2G\System.sav\P2PP\BBV1\ZZDisableService.bto
C:\SW\P00PUF.B2G\System.sav\P2PP\BBV2.pi\ZAASyshang.bto
C:\SW\P00PUF.B2G\System.sav\P2PP\BBV2Post\ZAASyshang.bto
C:\SW\P00PUF.B2G\System.sav\P2PP\BBVLast\BypassCount2.bto
C:\SW\P00PUF.B2G\System.sav\P2PP\BBVLast\resumeS3.bto
C:\SW\P00PUF.B2G\System.sav\P2PP\OSUpdate\ZAASyshang.bto
C:\SW\P00PUF.B2G\System.sav\Util\DisableService\DisableService.cmd
C:\SW\P00PUF.B2G\System.sav\Util\EnableService\EnableService.cmd
C:\SW\P00PUF.B2G\System.sav\Util\sysprephang\sysprephang.cmd
C:\SW\P00PUF.B2G\System.sav\Util\TDC\MCPP\Noise.cmd
C:\SW\P00PUT.B2C\SWSETUP\APP\Applications\DropBox\DropBox_PPUTB2\3.1.12.0\P00PUTB2.bto
C:\SW\P00PUT.B2C\SWSETUP\APP\Applications\DropBox\DropBox_PPUTB2\3.1.12.0\install.cmd
C:\SW\P00PUT.B2C\SWSETUP\APP\Applications\DropBox\DropBox_PPUTB2\3.1.12.0\src\Install.cmd
C:\SW\P00PWM.B2F\SWSETUP\DRV\Audio\REALTEK\FP1.xReal_PPWMB2\6.0.1.7922\P00PWMB2.bto
C:\SW\P00PWM.B2F\SWSETUP\DRV\Audio\REALTEK\FP1.xReal_PPWMB2\6.0.1.7922\install.cmd
C:\SW\P00PZG.B2D\SWSETUP\APP\PreReq1\HP\WWBTBHost_PPZGB2\3.16\P00PZGB2.bto
C:\SW\P00PZG.B2D\SWSETUP\APP\PreReq1\HP\WWBTBHost_PPZGB2\3.16\install.cmd
C:\SW\P00PZG.B2D\SWSETUP\APP\PreReq1\HP\WWBTBHost_PPZGB2\3.16\src\Install.cmd
C:\SW\P00PZG.B2D\SWSETUP\APP\PreReq1\HP\WWBTBHost_PPZGB2\3.16\src\SetupTools.cmd
C:\SW\P00PZG.B2D\SWSETUP\APP\PreReq1\HP\WWBTBHost_PPZGB2\3.16\src\bin32\cmdline.cmd
C:\SW\P00PZG.B2D\SWSETUP\APP\PreReq1\HP\WWBTBHost_PPZGB2\3.16\src\bin32\precmdline.cmd
C:\SW\P00PZG.B2D\SWSETUP\APP\PreReq1\HP\WWBTBHost_PPZGB2\3.16\src\HPQWare\BTBHost\BtBCustomData.cmd
C:\SW\P00PZG.B2D\SWSETUP\APP\PreReq1\HP\WWBTBHost_PPZGB2\3.16\src\HPQWare\BTBHost\customData.cmd
C:\SW\P00PZG.B2D\SWSETUP\APP\PreReq1\HP\WWBTBHost_PPZGB2\3.16\src\HPQWare\BTBHost\PinTiles.cmd
C:\SW\P00PZG.B2D\SWSETUP\APP\PreReq1\HP\WWBTBHost_PPZGB2\3.16\src\HPQWare\BTBHost\PinTilesWPE.cmd
C:\SW\P00PZG.B2D\SWSETUP\APP\PreReq1\HP\WWBTBHost_PPZGB2\3.16\src\HPQWare\BTBHost\PBR\BTBHostB_PBR.cmd
C:\SW\P00PZG.B2D\SWSETUP\APP\PreReq1\HP\WWBTBHost_PPZGB2\3.16\src\HPQWare\BTBHost\PBR\BTBHostD_PBR.cmd
C:\SW\P00PZG.B2D\SWSETUP\APP\PreReq1\HP\WWBTBHost_PPZGB2\3.16\src\HPQWare\BTBHost\PBR\ExportRegXML.cmd
C:\SW\P00PZG.B2D\SWSETUP\APP\PreReq1\HP\WWBTBHost_PPZGB2\3.16\src\system.sav\P2PP\BBV2Post\ASGPinTileTool.bto
C:\SW\P00Q5X.B2D\SWSETUP\DRV\Graphics\AMD\FP1.xAMDH_QQ5XB2\21.19.144.257\P00Q5XB2.bto
C:\SW\P00Q5X.B2D\SWSETUP\DRV\Graphics\AMD\FP1.xAMDH_QQ5XB2\21.19.144.257\install.cmd
